Welcome to the Online Auction System! Please login to Proceed
Please enter your username: 
Welcome to the main menu. Please enter a command to continue: 
Please enter a username
Please enter how much credit you would like to add
Maximum credit transfer exceeded
Please enter how much credit you would like to add
Adding credits...
Subtracting credits...
New credits for Admin are: 9999 and new credits for user are: 0
Welcome to the main menu. Please enter a command to continue: 
Command not Recognized
