Welcome to the Online Auction System! Please login to Proceed
Please enter your username: 
Welcome to the main menu. Please enter a command to continue: 
You do not have access to this feature
