Welcome to the Online Auction System! Please login to Proceed
Please enter your username: 
Welcome to the main menu. Please enter a command to continue: 
Please enter username to send refund to: Please enter seller username: Please enter how much credit you would like to refund
Adding credits...
Subtracting credits...
New credits for Seller are: 956 and new credits for user are: 1094
Welcome to the main menu. Please enter a command to continue: 
