Welcome to the Online Auction System! Please login to Proceed
Please enter your username: 
Welcome to the main menu. Please enter a command to continue: 
Please enter a username
The record with the name user09 has been deleted if it exsisted
Welcome to the main menu. Please enter a command to continue: 
