Welcome to the Online Auction System! Please login to Proceed
Please enter your username: 
Welcome to the main menu. Please enter a command to continue: 
Please enter the name of the item: Please enter the name of the seller: Please enter the number of days left on the item: Current bid is 55. How much would you like to bid?
Your new bid has been saved
Welcome to the main menu. Please enter a command to continue: 
