Welcome to the Online Auction System! Please login to Proceed
Not a valid command
