Welcome to the Online Auction System! Please login to Proceed
Please enter your username: 
Welcome to the main menu. Please enter a command to continue: 
Please enter the name of the item
Please enter price of the item
Please enter the number of days until the auction ends
Welcome to the main menu. Please enter a command to continue: 
