Welcome to the Online Auction System! Please login to Proceed
Please enter your username: 
Username not found in database
